Microchip MPLAB XC8 Compiler V2.32

Linker command line:

-W-3 --edf=/opt/microchip/xc8/v2.32/pic/dat/en_msgs.txt -cn \
  -h+dist/default/production/trabalho-final.X.production.sym \
  --cmf=dist/default/production/trabalho-final.X.production.cmf -z \
  -Q18F4520 -o/tmp/xcXjegiKe --defsym=__MPLAB_BUILD=1 \
  -Mdist/default/production/trabalho-final.X.production.map -E1 \
  -ver=XC8 Compiler --acfsm=1493 -ASTACK=019Ch-05FFh -pstack=STACK \
  -ACODE=00h-07FFFh -ACONST=00h-07FFFh -ASMALLCONST=0600h-06FFhx122 \
  -AMEDIUMCONST=0600h-07FFFh -ACOMRAM=01h-07Fh -AABS1=00h-05FFh \
  -ABIGRAM=01h-05FFh -ARAM=080h-0FFh,0100h-01FFhx5 -ABANK0=080h-0FFh \
  -ABANK1=0100h-01FFh -ABANK2=0200h-02FFh -ABANK3=0300h-03FFh \
  -ABANK4=0400h-04FFh -ABANK5=0500h-05FFh -ASFR=0F80h-0FFFh \
  -ACONFIG=0300000h-030000Dh -AIDLOC=0200000h-0200007h \
  -AEEDATA=0F00000h-0F000FFh -peeprom_data=EEDATA \
  -preset_vec=00h,intcode,intcodelo,powerup,init -pramtop=0600h \
  -psmallconst=SMALLCONST -pmediumconst=MEDIUMCONST -pconst=CONST \
  -AFARRAM=00h-00h \
  -prdata=COMRAM,nvrram=COMRAM,nvbit=COMRAM,rbss=COMRAM,rbit=COMRAM \
  -pfarbss=FARRAM,fardata=FARRAM,nvFARRAM=FARRAM \
  -pintsave_regs=BIGRAM,bigbss=BIGRAM,bigdata=BIGRAM -pbss=RAM \
  -pidata=CODE,irdata=CODE,ibigdata=CODE,ifardata=CODE -prparam=COMRAM \
  /tmp/xcXlhIDkc.o dist/default/production/trabalho-final.X.production.o 

Object code version is 3.11

Machine type is 18F4520



                Name                               Link     Load   Length Selector   Space Scale
/tmp/xcXlhIDkc.o
                idloc                            200000   200000        8        0       5
                config                           300000   300000        E        0       4
                init                                  0        0        4        0       0
dist/default/production/trabalho-final.X.production.o
                idloc                            200000   200000        8        0       5
                config                           300000   300000        E        0       4
                smallconst                          600      600       5A      300       0
                text42                             1288     1288      17E      32D       0
                text41                             2602     2602        A     10A2       0
                text40                             25F8     25F8        A     10A2       0
                text39                             25E0     25E0       18     10A2       0
                text38                             25AA     25AA       1C     10A2       0
                text37                             103A     103A      24E      32D       0
                text36                             1C94     1C94       7E      32D       0
                text35                              DEC      DEC      24E      32D       0
                text34                             1D8A     1D8A       78      32D       0
                text33                             16BE     16BE      10C      32D       0
                text32                             2584     2584       26     10A2       0
                text31                             25C6     25C6       1A     10A2       0
                text30                             2536     2536       28     10A2       0
                text29                             2366     2366       56     10A2       0
                text28                             1B48     1B48       B0      32D       0
                text27                              65A      65A      4C0      32D       0
                text26                             17CA     17CA      104      32D       0
                text25                             1FBA     1FBA       6A      32D       0
                text24                             1E76     1E76       6E      32D       0
                text23                             230E     230E       58     10A2       0
                text22                             1564     1564      15A      32D       0
                text21                             245C     245C       44     10A2       0
                text20                             23BC     23BC       54     10A2       0
                text19                             24A0     24A0       3A     10A2       0
                text18                             1A84     1A84       C4      32D       0
                text17                             255E     255E       26     10A2       0
                text16                             1406     1406      15E      32D       0
                text15                             1D12     1D12       78      32D       0
                text14                             2084     2084       60      32D       0
                text13                             1F50     1F50       6A      32D       0
                text12                              B1A      B1A      2D2      32D       0
                text11                             2508     2508       2E     10A2       0
                text10                             1E02     1E02       74      32D       0
                text9                              1EE4     1EE4       6C      32D       0
                text8                              2024     2024       60      32D       0
                text7                              24DA     24DA       2E     10A2       0
                text6                              19B8     19B8       CC      32D       0
                text5                              2258     2258       5C     10A2       0
                text4                              21FC     21FC       5C     10A2       0
                text3                              21A0     21A0       5C     10A2       0
                text2                              2144     2144       5C     10A2       0
                text1                              2410     2410       4C     10A2       0
                text0                              18CE     18CE       EA      32D       0
                cstackCOMRAM                          1        1       7D        1       1
                dataBANK1                           100      100       9C      100       1
                dataBANK0                            80       80       5F       80       1
                bssBANK0                             DF       DF       17       80       1
                bssCOMRAM                            7E       7E        2        1       1
                cinit                              22B4     22B4       5A     10A2       0
                nvBANK0                              F6       F6        4       80       1
                idataBANK1                         1BF8     1BF8       9C      32D       0
                idataBANK0                         20E4     20E4       5F      32D       0

TOTAL           Name                               Link     Load   Length     Space
        CLASS   STACK          

        CLASS   CODE           
                init                                  0        0        4         0
                text42                             1288     1288      17E         0
                text41                             2602     2602        A         0
                text40                             25F8     25F8        A         0
                text39                             25E0     25E0       18         0
                text38                             25AA     25AA       1C         0
                text37                             103A     103A      24E         0
                text36                             1C94     1C94       7E         0
                text35                              DEC      DEC      24E         0
                text34                             1D8A     1D8A       78         0
                text33                             16BE     16BE      10C         0
                text32                             2584     2584       26         0
                text31                             25C6     25C6       1A         0
                text30                             2536     2536       28         0
                text29                             2366     2366       56         0
                text28                             1B48     1B48       B0         0
                text27                              65A      65A      4C0         0
                text26                             17CA     17CA      104         0
                text25                             1FBA     1FBA       6A         0
                text24                             1E76     1E76       6E         0
                text23                             230E     230E       58         0
                text22                             1564     1564      15A         0
                text21                             245C     245C       44         0
                text20                             23BC     23BC       54         0
                text19                             24A0     24A0       3A         0
                text18                             1A84     1A84       C4         0
                text17                             255E     255E       26         0
                text16                             1406     1406      15E         0
                text15                             1D12     1D12       78         0
                text14                             2084     2084       60         0
                text13                             1F50     1F50       6A         0
                text12                              B1A      B1A      2D2         0
                text11                             2508     2508       2E         0
                text10                             1E02     1E02       74         0
                text9                              1EE4     1EE4       6C         0
                text8                              2024     2024       60         0
                text7                              24DA     24DA       2E         0
                text6                              19B8     19B8       CC         0
                text5                              2258     2258       5C         0
                text4                              21FC     21FC       5C         0
                text3                              21A0     21A0       5C         0
                text2                              2144     2144       5C         0
                text1                              2410     2410       4C         0
                text0                              18CE     18CE       EA         0
                cinit                              22B4     22B4       5A         0
                idataBANK1                         1BF8     1BF8       9C         0
                idataBANK0                         20E4     20E4       5F         0

        CLASS   CONST          

        CLASS   SMALLCONST     
                smallconst                          600      600       5A         0

        CLASS   MEDIUMCONST    

        CLASS   COMRAM         
                cstackCOMRAM                          1        1       7D         1
                bssCOMRAM                            7E       7E        2         1

        CLASS   ABS1           

        CLASS   BIGRAM         

        CLASS   RAM            

        CLASS   BANK0          
                dataBANK0                            80       80       5F         1
                bssBANK0                             DF       DF       17         1
                nvBANK0                              F6       F6        4         1

        CLASS   BANK1          
                dataBANK1                           100      100       9C         1

        CLASS   BANK2          

        CLASS   BANK3          

        CLASS   BANK4          

        CLASS   BANK5          

        CLASS   SFR            

        CLASS   CONFIG         
                config                           300000   300000        E         4

        CLASS   IDLOC          
                idloc                            200000   200000        8         5

        CLASS   EEDATA         

        CLASS   FARRAM         



SEGMENTS        Name                           Load    Length   Top    Selector   Space  Class

                dataBANK1                      000100  00009C  00019C       100       1  BANK1   
                dataBANK0                      000080  00007A  0000FA        80       1  BANK0   
                reset_vec                      000000  000004  000004         0       0  CODE    
                text27                         00065A  001AE9  002143       32D       0  CODE    
                text2                          002144  0004C8  00260C      10A2       0  CODE    
                smallconst                     000600  00005A  00065A       300       0  SMALLCON
                cstackCOMRAM                   000001  00007F  000080         1       1  COMRAM  


UNUSED ADDRESS RANGES

        Name                Unused          Largest block    Delta
        BANK0            0000FA-0000FF                6
        BANK1            00019C-0001FF               64
        BANK2            000200-0002FF              100
        BANK3            000300-0003FF              100
        BANK4            000400-0004FF              100
        BANK5            000500-0005FF              100
        BIGRAM           0000FA-0000FF                6
                         00019C-0005FF              464
        CODE             000004-0005FF              5FC
                         002143-002143                1
                         00260C-007FFF             59F4
        CONST            000004-0005FF              5FC
                         002143-002143                1
                         00260C-007FFF             59F4
        EEDATA           F00000-F000FF              100
        MEDIUMCONST      002143-002143                1
                         00260C-007FFF             59F4
        RAM              0000FA-0000FF                6
                         00019C-0005FF              100
        SFR              000F80-000FFF               80
        SMALLCONST       002143-002143                1
                         00260C-007FFF              100
        STACK            00019C-0005FF              464

                                  Symbol Table

?___aldiv                 cstackCOMRAM 000001
?___awdiv                 cstackCOMRAM 000001
?___awmod                 cstackCOMRAM 000013
?___fladd                 cstackCOMRAM 000001
?___lmul                  cstackCOMRAM 000001
?___lwdiv                 cstackCOMRAM 000001
?___wmul                  cstackCOMRAM 000001
?_kpRead                  cstackCOMRAM 000001
?_rand                    cstackCOMRAM 00000D
?_time                    cstackCOMRAM 000001
Apostando@ssorte          cstackCOMRAM 000046
Apostando@t               cstackCOMRAM 00004A
Apostando@tempo           cstackCOMRAM 00004E
Delay2ms@i                cstackCOMRAM 000002
Delay40us@i               cstackCOMRAM 000001
_Apostando                text12       000B1A
_CCP1CON                  (abs)        000FBD
_CCPR1L                   (abs)        000FBE
_Delay2ms                 text38       0025AA
_Delay40us                text39       0025E0
_PORTA                    (abs)        000F80
_PORTB                    (abs)        000F81
_PORTC                    (abs)        000F82
_PORTD                    (abs)        000F83
_PORTE                    (abs)        000F84
_PR2                      (abs)        000FCB
_T2CON                    (abs)        000FCA
_TRISA                    (abs)        000F92
_TRISB                    (abs)        000F93
_TRISC                    (abs)        000F94
_TRISD                    (abs)        000F95
_TRISE                    (abs)        000F96
__HRAM                    (abs)        000000
__Habs1                   abs1         000000
__Hbank0                  bank0        000000
__Hbank1                  bank1        000000
__Hbank2                  bank2        000000
__Hbank3                  bank3        000000
__Hbank4                  bank4        000000
__Hbank5                  bank5        000000
__Hbigbss                 bigbss       000000
__Hbigdata                bigdata      000000
__Hbigram                 bigram       000000
__Hbss                    bss          000000
__HbssBANK0               bssBANK0     000000
__HbssCOMRAM              bssCOMRAM    000000
__Hcinit                  cinit        000000
__Hclrtext                clrtext      000000
__Hcomram                 comram       000000
__Hconfig                 config       30000E
__Hconst                  const        000000
__HcstackCOMRAM           cstackCOMRAM 000000
__Hdata                   data         000000
__HdataBANK0              dataBANK0    000000
__HdataBANK1              dataBANK1    000000
__Heeprom_data            eeprom_data  000000
__Hfarbss                 farbss       000000
__Hfardata                fardata      000000
__Hibigdata               ibigdata     000000
__Hidata                  idata        000000
__HidataBANK0             idataBANK0   000000
__HidataBANK1             idataBANK1   000000
__Hidloc                  idloc        200008
__Hifardata               ifardata     000000
__Hinit                   init         000004
__Hintcode                intcode      000000
__Hintcode_body           intcode_body 000000
__Hintcodelo              intcodelo    000000
__Hintentry               intentry     000000
__Hintret                 intret       000000
__Hintsave_regs           intsave_regs 000000
__Hirdata                 irdata       000000
__Hmediumconst            mediumconst  000000
__HnvBANK0                nvBANK0      000000
__HnvFARRAM               nvFARRAM     000000
__Hnvbit                  nvbit        000000
__Hnvrram                 nvrram       000000
__Hparam                  rparam       000000
__Hpowerup                powerup      000000
__Hram                    ram          000000
__Hramtop                 ramtop       000600
__Hrbit                   rbit         000000
__Hrbss                   rbss         000000
__Hrdata                  rdata        000000
__Hreset_vec              reset_vec    000000
__Hrparam                 rparam       000000
__Hsfr                    sfr          000000
__Hsmallconst             smallconst   00065A
__Hspace_0                (abs)        00260C
__Hspace_1                (abs)        00019C
__Hspace_2                (abs)        000000
__Hspace_4                (abs)        60000E
__Hstack                  stack        000000
__Hstruct                 struct       000000
__Htemp                   temp         000000
__Htext                   text         000000
__Htext0                  text0        000000
__Htext1                  text1        000000
__Htext10                 text10       000000
__Htext11                 text11       000000
__Htext12                 text12       000000
__Htext13                 text13       000000
__Htext14                 text14       000000
__Htext15                 text15       000000
__Htext16                 text16       000000
__Htext17                 text17       000000
__Htext18                 text18       000000
__Htext19                 text19       000000
__Htext2                  text2        000000
__Htext20                 text20       000000
__Htext21                 text21       000000
__Htext22                 text22       000000
__Htext23                 text23       000000
__Htext24                 text24       000000
__Htext25                 text25       000000
__Htext26                 text26       000000
__Htext27                 text27       000000
__Htext28                 text28       000000
__Htext29                 text29       000000
__Htext3                  text3        000000
__Htext30                 text30       000000
__Htext31                 text31       000000
__Htext32                 text32       000000
__Htext33                 text33       000000
__Htext34                 text34       000000
__Htext35                 text35       000000
__Htext36                 text36       000000
__Htext37                 text37       000000
__Htext38                 text38       000000
__Htext39                 text39       000000
__Htext4                  text4        000000
__Htext40                 text40       000000
__Htext41                 text41       000000
__Htext42                 text42       000000
__Htext5                  text5        000000
__Htext6                  text6        000000
__Htext7                  text7        000000
__Htext8                  text8        000000
__Htext9                  text9        000000
__LRAM                    (abs)        000001
__Labs1                   abs1         000000
__Lbank0                  bank0        000000
__Lbank1                  bank1        000000
__Lbank2                  bank2        000000
__Lbank3                  bank3        000000
__Lbank4                  bank4        000000
__Lbank5                  bank5        000000
__Lbigbss                 bigbss       000000
__Lbigdata                bigdata      000000
__Lbigram                 bigram       000000
__Lbss                    bss          000000
__LbssBANK0               bssBANK0     000000
__LbssCOMRAM              bssCOMRAM    000000
__Lcinit                  cinit        000000
__Lclrtext                clrtext      000000
__Lcomram                 comram       000000
__Lconfig                 config       000000
__Lconst                  const        000000
__LcstackCOMRAM           cstackCOMRAM 000000
__Ldata                   data         000000
__LdataBANK0              dataBANK0    000000
__LdataBANK1              dataBANK1    000000
__Leeprom_data            eeprom_data  000000
__Lfarbss                 farbss       000000
__Lfardata                fardata      000000
__Libigdata               ibigdata     000000
__Lidata                  idata        000000
__LidataBANK0             idataBANK0   000000
__LidataBANK1             idataBANK1   000000
__Lidloc                  idloc        000000
__Lifardata               ifardata     000000
__Linit                   init         000000
__Lintcode                intcode      000000
__Lintcode_body           intcode_body 000000
__Lintcodelo              intcodelo    000000
__Lintentry               intentry     000000
__Lintret                 intret       000000
__Lintsave_regs           intsave_regs 000000
__Lirdata                 irdata       000000
__Lmediumconst            mediumconst  000000
__LnvBANK0                nvBANK0      000000
__LnvFARRAM               nvFARRAM     000000
__Lnvbit                  nvbit        000000
__Lnvrram                 nvrram       000000
__Lparam                  rparam       000000
__Lpowerup                powerup      000000
__Lram                    ram          000000
__Lramtop                 ramtop       000600
__Lrbit                   rbit         000000
__Lrbss                   rbss         000000
__Lrdata                  rdata        000000
__Lreset_vec              reset_vec    000000
__Lrparam                 rparam       000000
__Lsfr                    sfr          000000
__Lsmallconst             smallconst   000600
__Lspace_0                (abs)        000000
__Lspace_1                (abs)        000000
__Lspace_2                (abs)        000000
__Lspace_4                (abs)        000000
__Lstack                  stack        000000
__Lstruct                 struct       000000
__Ltemp                   temp         000000
__Ltext                   text         000000
__Ltext0                  text0        000000
__Ltext1                  text1        000000
__Ltext10                 text10       000000
__Ltext11                 text11       000000
__Ltext12                 text12       000000
__Ltext13                 text13       000000
__Ltext14                 text14       000000
__Ltext15                 text15       000000
__Ltext16                 text16       000000
__Ltext17                 text17       000000
__Ltext18                 text18       000000
__Ltext19                 text19       000000
__Ltext2                  text2        000000
__Ltext20                 text20       000000
__Ltext21                 text21       000000
__Ltext22                 text22       000000
__Ltext23                 text23       000000
__Ltext24                 text24       000000
__Ltext25                 text25       000000
__Ltext26                 text26       000000
__Ltext27                 text27       000000
__Ltext28                 text28       000000
__Ltext29                 text29       000000
__Ltext3                  text3        000000
__Ltext30                 text30       000000
__Ltext31                 text31       000000
__Ltext32                 text32       000000
__Ltext33                 text33       000000
__Ltext34                 text34       000000
__Ltext35                 text35       000000
__Ltext36                 text36       000000
__Ltext37                 text37       000000
__Ltext38                 text38       000000
__Ltext39                 text39       000000
__Ltext4                  text4        000000
__Ltext40                 text40       000000
__Ltext41                 text41       000000
__Ltext42                 text42       000000
__Ltext5                  text5        000000
__Ltext6                  text6        000000
__Ltext7                  text7        000000
__Ltext8                  text8        000000
__Ltext9                  text9        000000
__S0                      (abs)        00260C
__S1                      (abs)        00019C
__S2                      (abs)        000000
__S4                      (abs)        000000
__S5                      (abs)        000000
___aldiv                  text33       0016BE
___aldiv@counter          cstackCOMRAM 000009
___aldiv@dividend         cstackCOMRAM 000001
___aldiv@divisor          cstackCOMRAM 000005
___aldiv@quotient         cstackCOMRAM 00000B
___aldiv@sign             cstackCOMRAM 00000A
___awdiv                  text18       001A84
___awdiv@counter          cstackCOMRAM 000005
___awdiv@dividend         cstackCOMRAM 000001
___awdiv@divisor          cstackCOMRAM 000003
___awdiv@quotient         cstackCOMRAM 000007
___awdiv@sign             cstackCOMRAM 000006
___awmod                  text28       001B48
___awmod@counter          cstackCOMRAM 000017
___awmod@dividend         cstackCOMRAM 000013
___awmod@divisor          cstackCOMRAM 000015
___awmod@sign             cstackCOMRAM 000018
___fladd                  text27       00065A
___fladd@a                cstackCOMRAM 000005
___fladd@aexp             cstackCOMRAM 00000E
___fladd@b                cstackCOMRAM 000001
___fladd@bexp             cstackCOMRAM 00000F
___fladd@grs              cstackCOMRAM 000010
___fladd@signs            cstackCOMRAM 00000D
___flge                   text26       0017CA
___flge@ff1               cstackCOMRAM 000001
___flge@ff2               cstackCOMRAM 000005
___inthi_sp               stack        000000
___intlo_sp               stack        000000
___lmul                   text25       001FBA
___lmul@multiplicand      cstackCOMRAM 000005
___lmul@multiplier        cstackCOMRAM 000001
___lmul@product           cstackCOMRAM 000009
___lwdiv                  text10       001E02
___lwdiv@counter          cstackCOMRAM 000007
___lwdiv@dividend         cstackCOMRAM 000001
___lwdiv@divisor          cstackCOMRAM 000003
___lwdiv@quotient         cstackCOMRAM 000005
___param_bank             (abs)        000000
___rparam_used            (abs)        000001
___sp                     stack        000000
___wmul                   text17       00255E
___wmul@multiplicand      cstackCOMRAM 000003
___wmul@multiplier        cstackCOMRAM 000001
___wmul@product           cstackCOMRAM 000005
__accesstop               (abs)        000080
__activetblptr            (abs)        000002
__end_of_Apostando        text12       000DEC
__end_of_Delay2ms         text38       0025C6
__end_of_Delay40us        text39       0025F8
__end_of___aldiv          text33       0017CA
__end_of___awdiv          text18       001B48
__end_of___awmod          text28       001BF8
__end_of___fladd          text27       000B1A
__end_of___flge           text26       0018CE
__end_of___lmul           text25       002024
__end_of___lwdiv          text10       001E76
__end_of___wmul           text17       002584
__end_of__initialization  cinit        002304
__end_of_delay            text21       0024A0
__end_of_digitalWrite     text37       001288
__end_of_escreve          text19       0024DA
__end_of_inverso          text11       002536
__end_of_itoa             text16       001564
__end_of_kpDebounce       text42       001406
__end_of_kpInit           text41       00260C
__end_of_kpRead           text40       002602
__end_of_lcdCommand       text36       001D12
__end_of_lcdData          text20       002410
__end_of_lcdInit          text34       001E02
__end_of_main             text0        0019B8
__end_of_pinMode          text35       00103A
__end_of_pwmFrequency     text32       0025AA
__end_of_pwmInit          text31       0025E0
__end_of_pwmSet           text9        001F50
__end_of_rand             text24       001EE4
__end_of_srand            text30       00255E
__end_of_ssdDigit         text23       002366
__end_of_ssdInit          text29       0023BC
__end_of_ssdUpdate        text22       0016BE
__end_of_textApostando    text6        001A84
__end_of_textApostas      text5        0022B4
__end_of_textGameOver     text8        002084
__end_of_textInit         text4        002258
__end_of_textInstrutions  text3        0021FC
__end_of_textLost         text14       0020E4
__end_of_textSaldo        text15       001D8A
__end_of_textWait         text2        0021A0
__end_of_textWin          text13       001FBA
__end_of_time             text1        00245C
__end_of_valor@ssd$F222   smallconst   000611
__end_of_verso            text7        002508
__initialization          cinit        0022B4
__mediumconst             mediumconst  000000
__pbssBANK0               bssBANK0     0000DF
__pbssCOMRAM              bssCOMRAM    00007E
__pcinit                  cinit        0022B4
__pcstackCOMRAM           cstackCOMRAM 000001
__pdataBANK0              dataBANK0    000080
__pdataBANK1              dataBANK1    000100
__pidataBANK0             idataBANK0   0020E4
__pidataBANK1             idataBANK1   001BF8
__pnvBANK0                nvBANK0      0000F6
__psmallconst             smallconst   000600
__ptext0                  text0        0018CE
__ptext1                  text1        002410
__ptext10                 text10       001E02
__ptext11                 text11       002508
__ptext12                 text12       000B1A
__ptext13                 text13       001F50
__ptext14                 text14       002084
__ptext15                 text15       001D12
__ptext16                 text16       001406
__ptext17                 text17       00255E
__ptext18                 text18       001A84
__ptext19                 text19       0024A0
__ptext2                  text2        002144
__ptext20                 text20       0023BC
__ptext21                 text21       00245C
__ptext22                 text22       001564
__ptext23                 text23       00230E
__ptext24                 text24       001E76
__ptext25                 text25       001FBA
__ptext26                 text26       0017CA
__ptext27                 text27       00065A
__ptext28                 text28       001B48
__ptext29                 text29       002366
__ptext3                  text3        0021A0
__ptext30                 text30       002536
__ptext31                 text31       0025C6
__ptext32                 text32       002584
__ptext33                 text33       0016BE
__ptext34                 text34       001D8A
__ptext35                 text35       000DEC
__ptext36                 text36       001C94
__ptext37                 text37       00103A
__ptext38                 text38       0025AA
__ptext39                 text39       0025E0
__ptext4                  text4        0021FC
__ptext40                 text40       0025F8
__ptext41                 text41       002602
__ptext42                 text42       001288
__ptext5                  text5        002258
__ptext6                  text6        0019B8
__ptext7                  text7        0024DA
__ptext8                  text8        002024
__ptext9                  text9        001EE4
__ramtop                  ramtop       000600
__size_of_Apostando       (abs)        000000
__size_of_Delay2ms        (abs)        000000
__size_of_Delay40us       (abs)        000000
__size_of___aldiv         (abs)        000000
__size_of___awdiv         (abs)        000000
__size_of___awmod         (abs)        000000
__size_of___fladd         (abs)        000000
__size_of___flge          (abs)        000000
__size_of___lmul          (abs)        000000
__size_of___lwdiv         (abs)        000000
__size_of___wmul          (abs)        000000
__size_of_delay           (abs)        000000
__size_of_digitalWrite    (abs)        000000
__size_of_escreve         (abs)        000000
__size_of_inverso         (abs)        000000
__size_of_itoa            (abs)        000000
__size_of_kpDebounce      (abs)        000000
__size_of_kpInit          (abs)        000000
__size_of_kpRead          (abs)        000000
__size_of_lcdCommand      (abs)        000000
__size_of_lcdData         (abs)        000000
__size_of_lcdInit         (abs)        000000
__size_of_main            (abs)        000000
__size_of_pinMode         (abs)        000000
__size_of_pwmFrequency    (abs)        000000
__size_of_pwmInit         (abs)        000000
__size_of_pwmSet          (abs)        000000
__size_of_rand            (abs)        000000
__size_of_srand           (abs)        000000
__size_of_ssdDigit        (abs)        000000
__size_of_ssdInit         (abs)        000000
__size_of_ssdUpdate       (abs)        000000
__size_of_textApostando   (abs)        000000
__size_of_textApostas     (abs)        000000
__size_of_textGameOver    (abs)        000000
__size_of_textInit        (abs)        000000
__size_of_textInstrutions (abs)        000000
__size_of_textLost        (abs)        000000
__size_of_textSaldo       (abs)        000000
__size_of_textWait        (abs)        000000
__size_of_textWin         (abs)        000000
__size_of_time            (abs)        000000
__size_of_verso           (abs)        000000
__smallconst              smallconst   000600
_delay                    text21       00245C
_digitalWrite             text37       00103A
_display                  bssBANK0     0000F4
_escreve                  text19       0024A0
_i                        bssBANK0     0000EF
_inverso                  text11       002508
_itoa                     text16       001406
_kpDebounce               text42       001288
_kpInit                   text41       002602
_kpRead                   text40       0025F8
_lcdCommand               text36       001C94
_lcdData                  text20       0023BC
_lcdInit                  text34       001D8A
_main                     text0        0018CE
_pinMode                  text35       000DEC
_pwmFrequency             text32       002584
_pwmInit                  text31       0025C6
_pwmSet                   text9        001EE4
_rand                     text24       001E76
_saldo                    dataBANK0    0000DD
_seed                     nvBANK0      0000F6
_sorte                    bssCOMRAM    00007E
_srand                    text30       002536
_ssdDigit                 text23       00230E
_ssdInit                  text29       002366
_ssdUpdate                text22       001564
_textApostando            text6        0019B8
_textApostas              text5        002258
_textGameOver             text8        002024
_textInit                 text4        0021FC
_textInstrutions          text3        0021A0
_textLost                 text14       002084
_textSaldo                text15       001D12
_textWait                 text2        002144
_textWin                  text13       001F50
_time                     text1        002410
_v0                       bssBANK0     0000F3
_v1                       bssBANK0     0000F2
_v2                       bssBANK0     0000F1
_v3                       bssBANK0     0000F0
_valor                    bssBANK0     0000ED
_valor@ssd$F222           smallconst   000601
_verso                    text7        0024DA
delay@i                   cstackCOMRAM 000001
delay@j                   cstackCOMRAM 000002
digitalWrite@pin          cstackCOMRAM 000001
digitalWrite@value        cstackCOMRAM 000003
end_of_initialization     cinit        002304
escreve@i                 cstackCOMRAM 00000B
escreve@text              cstackCOMRAM 000009
intlevel0                 text         000000
intlevel1                 text         000000
intlevel2                 text         000000
intlevel3                 text         000000
inverso@k                 cstackCOMRAM 000003
inverso@x                 cstackCOMRAM 000004
isa$std                   (abs)        000001
isa$xinst                 (abs)        000000
itoa@basea                cstackCOMRAM 00000D
itoa@ptr                  cstackCOMRAM 000016
itoa@ptr1                 cstackCOMRAM 000014
itoa@result               cstackCOMRAM 00000B
itoa@tmp_char             cstackCOMRAM 000011
itoa@tmp_value            cstackCOMRAM 000012
itoa@value                cstackCOMRAM 000009
kpDebounce@i              cstackCOMRAM 00000A
kpDebounce@j              cstackCOMRAM 000009
kpDebounce@k              cstackCOMRAM 000007
kpDebounce@old_D          cstackCOMRAM 000006
kpDebounce@tempo          bssBANK0     0000F5
kpDebounce@valorAntigo    bssBANK0     0000E9
kpDebounce@valorNovo      bssBANK0     0000EB
lcdCommand@cmd            cstackCOMRAM 000008
lcdCommand@old_D          cstackCOMRAM 000007
lcdData@old_D             cstackCOMRAM 000008
lcdData@valor             cstackCOMRAM 000007
main@tecla                cstackCOMRAM 00007C
pinMode@pin               cstackCOMRAM 000001
pinMode@type              cstackCOMRAM 000003
pwmFrequency@freq         cstackCOMRAM 00000F
pwmSet@porcento           cstackCOMRAM 00000A
pwmSet@val                cstackCOMRAM 00000B
srand@s                   cstackCOMRAM 000009
ssdDigit@pos              cstackCOMRAM 000019
ssdDigit@val              cstackCOMRAM 00001A
stackhi                   (abs)        0005FF
stacklo                   (abs)        00019C
start                     init         000000
start_initialization      cinit        0022B4
textApostando@F2804       dataBANK1    000133
textApostando@F2806       dataBANK1    000124
textApostando@text        cstackCOMRAM 000056
textApostando@text2       cstackCOMRAM 000065
textApostas@F2768         dataBANK0    00009E
textApostas@F2770         dataBANK0    00008F
textApostas@text          cstackCOMRAM 00000C
textApostas@text2         cstackCOMRAM 00001B
textGameOver@F2784        dataBANK1    00017E
textGameOver@F2786        dataBANK1    000100
textGameOver@text         cstackCOMRAM 00003C
textGameOver@text2        cstackCOMRAM 000028
textInit@F2750            dataBANK0    0000CB
textInit@F2752            dataBANK1    000114
textInit@text             cstackCOMRAM 00001C
textInit@text2            cstackCOMRAM 00000C
textInstrutions@F2763     dataBANK0    0000BC
textInstrutions@F2765     dataBANK0    0000AD
textInstrutions@text      cstackCOMRAM 00000C
textInstrutions@text2     cstackCOMRAM 00001B
textLost@F2789            dataBANK1    00016F
textLost@F2791            dataBANK1    000160
textLost@text             cstackCOMRAM 000028
textLost@text2            cstackCOMRAM 000037
textSaldo@F2774           dataBANK0    0000D7
textSaldo@text            cstackCOMRAM 000018
textSaldo@text2           cstackCOMRAM 00001E
textWait@F2779            dataBANK0    000080
textWait@F2781            dataBANK1    00018D
textWait@text             cstackCOMRAM 00000C
textWait@text2            cstackCOMRAM 00001B
textWin@F2794             dataBANK1    000151
textWin@F2796             dataBANK1    000142
textWin@text              cstackCOMRAM 000028
textWin@text2             cstackCOMRAM 000037
time@t                    cstackCOMRAM 000001
verso@k                   cstackCOMRAM 000003
verso@x                   cstackCOMRAM 000004


MODULE INFORMATION

Module		Function		Class		Link	Load	Size
/opt/microchip/xc8/v2.32/pic/sources/c99/common/Umul16.c
		___wmul        		CODE           	255E	0000	38

/opt/microchip/xc8/v2.32/pic/sources/c99/common/Umul16.c estimated size: 38

ssd.c
		_ssdInit       		CODE           	2366	0000	86
		_ssdDigit      		CODE           	230E	0000	88
		_ssdUpdate     		CODE           	1564	0000	346

ssd.c estimated size: 520

keypad.c
		_kpInit        		CODE           	2602	0000	10
		_kpDebounce    		CODE           	1288	0000	382
		_kpRead        		CODE           	25F8	0000	10

keypad.c estimated size: 402

/opt/microchip/xc8/v2.32/pic/sources/c99/common/awdiv.c
		___awdiv       		CODE           	1A84	0000	196

/opt/microchip/xc8/v2.32/pic/sources/c99/common/awdiv.c estimated size: 196

/opt/microchip/xc8/v2.32/pic/sources/c99/common/aldiv.c
		___aldiv       		CODE           	16BE	0000	268

/opt/microchip/xc8/v2.32/pic/sources/c99/common/aldiv.c estimated size: 268

io.c
		_digitalWrite  		CODE           	103A	0000	590
		_pinMode       		CODE           	0DEC	0000	590

io.c estimated size: 1180

/opt/microchip/xc8/v2.32/pic/sources/c99/common/Umul32.c
		___lmul        		CODE           	1FBA	0000	106

/opt/microchip/xc8/v2.32/pic/sources/c99/common/Umul32.c estimated size: 106

/opt/microchip/xc8/v2.32/pic/sources/c99/common/sprcadd.c
		___fladd       		CODE           	065A	0000	1216

/opt/microchip/xc8/v2.32/pic/sources/c99/common/sprcadd.c estimated size: 1216

/opt/microchip/xc8/v2.32/pic/sources/c99/common/rand.c
		_srand         		CODE           	2536	0000	40
		_rand          		CODE           	1E76	0000	110

/opt/microchip/xc8/v2.32/pic/sources/c99/common/rand.c estimated size: 150

pwm.c
		_pwmInit       		CODE           	25C6	0000	26
		_pwmFrequency  		CODE           	2584	0000	38
		_pwmSet        		CODE           	1EE4	0000	108

pwm.c estimated size: 172

shared
		_valor@ssd$F222		SMALLCONST     	0601	0000	16
		__initialization		CODE           	22B4	0000	80

shared estimated size: 96

lcd.c
		_lcdCommand    		CODE           	1C94	0000	126
		_Delay40us     		CODE           	25E0	0000	24
		_lcdInit       		CODE           	1D8A	0000	120
		_lcdData       		CODE           	23BC	0000	84
		_Delay2ms      		CODE           	25AA	0000	28

lcd.c estimated size: 382

apostas.c
		_delay         		CODE           	245C	0000	68
		_escreve       		CODE           	24A0	0000	58
		_textWait      		CODE           	2144	0000	92
		_textInit      		CODE           	21FC	0000	92
		_textGameOver  		CODE           	2024	0000	96
		_textWin       		CODE           	1F50	0000	106
		_verso         		CODE           	24DA	0000	46
		_textSaldo     		CODE           	1D12	0000	120
		_textApostas   		CODE           	2258	0000	92
		_textInstrutions		CODE           	21A0	0000	92
		_itoa          		CODE           	1406	0000	350
		_textApostando 		CODE           	19B8	0000	204
		_Apostando     		CODE           	0B1A	0000	722
		_inverso       		CODE           	2508	0000	46
		_textLost      		CODE           	2084	0000	96

apostas.c estimated size: 2280

/opt/microchip/xc8/v2.32/pic/sources/c99/common/awmod.c
		___awmod       		CODE           	1B48	0000	176

/opt/microchip/xc8/v2.32/pic/sources/c99/common/awmod.c estimated size: 176

main.c
		_main          		CODE           	18CE	0000	234

main.c estimated size: 234

/opt/microchip/xc8/v2.32/pic/sources/c99/common/flge.c
		___flge        		CODE           	17CA	0000	260

/opt/microchip/xc8/v2.32/pic/sources/c99/common/flge.c estimated size: 260

/opt/microchip/xc8/v2.32/pic/sources/c99/common/lwdiv.c
		___lwdiv       		CODE           	1E02	0000	116

/opt/microchip/xc8/v2.32/pic/sources/c99/common/lwdiv.c estimated size: 116

/opt/microchip/xc8/v2.32/pic/sources/c99/common/time.c
		_time          		CODE           	2410	0000	76

/opt/microchip/xc8/v2.32/pic/sources/c99/common/time.c estimated size: 76

